loaded .scratch/15-slider-rung3/evidence/INT2_r3/model.pt (V=206, seq_len=512)
== 1. natural enwik8 repetition baseline (CPU) ==
  natural: distinct2=0.4596 (min 0.213) unique=0.11 max_share=0.136 (max 0.185)
== 2. free generation (24 windows x 400 tok) ==
  [real#0] 400 tok 4.2s prob0=0.9956
  [random#0] 400 tok 3.9s prob0=0.975
  [corrupt#0] 400 tok 3.9s prob0=0.9438
  [real#1] 400 tok 3.9s prob0=0.9992
  [random#1] 400 tok 3.9s prob0=0.9751
  [corrupt#1] 400 tok 3.9s prob0=0.9703
  [real#2] 400 tok 3.9s prob0=0.9988
  [random#2] 400 tok 3.9s prob0=0.9964
  [corrupt#2] 400 tok 3.9s prob0=0.9327
  [real#3] 400 tok 3.8s prob0=0.9984
  [random#3] 400 tok 3.9s prob0=0.9975
  [corrupt#3] 400 tok 3.9s prob0=0.9735
  [real#4] 400 tok 3.9s prob0=0.9984
  [random#4] 400 tok 3.9s prob0=0.998
  [corrupt#4] 400 tok 3.9s prob0=0.9706
  [real#5] 400 tok 3.9s prob0=0.9987
  [random#5] 400 tok 3.9s prob0=0.9964
  [corrupt#5] 400 tok 4.0s prob0=0.9384
  [real#6] 400 tok 3.9s prob0=0.9985
  [random#6] 400 tok 3.8s prob0=0.9975
  [corrupt#6] 400 tok 3.8s prob0=0.9476
  [real#7] 400 tok 3.8s prob0=0.9992
  [random#7] 400 tok 3.8s prob0=0.9985
  [corrupt#7] 400 tok 3.8s prob0=0.9444
== 3. repetition monitor + js decoupling ==
  [real#0] distinct2=0.276 unique=0.107 share=0.107 js=0.04288 thr_label=True
  [random#0] distinct2=0.065 unique=0.035 share=0.215 js=0.37255 thr_label=True
  [corrupt#0] distinct2=0.098 unique=0.050 share=0.185 js=0.05036 thr_label=True
  [real#1] distinct2=0.048 unique=0.025 share=0.200 js=0.00299 thr_label=True
  [random#1] distinct2=0.075 unique=0.043 share=0.388 js=0.01719 thr_label=True
  [corrupt#1] distinct2=0.078 unique=0.030 share=0.198 js=0.04603 thr_label=True
  [real#2] distinct2=0.145 unique=0.062 share=0.150 js=0.00254 thr_label=True
  [random#2] distinct2=0.093 unique=0.055 share=0.152 js=0.00663 thr_label=True
  [corrupt#2] distinct2=0.218 unique=0.068 share=0.160 js=0.04346 thr_label=True
  [real#3] distinct2=0.386 unique=0.115 share=0.158 js=0.00619 thr_label=True
  [random#3] distinct2=0.115 unique=0.070 share=0.150 js=0.02611 thr_label=True
  [corrupt#3] distinct2=0.386 unique=0.117 share=0.145 js=0.00052 thr_label=True
  [real#4] distinct2=0.173 unique=0.052 share=0.172 js=0.00739 thr_label=True
  [random#4] distinct2=0.133 unique=0.062 share=0.150 js=0.00000 thr_label=True
  [corrupt#4] distinct2=0.118 unique=0.055 share=0.140 js=0.00903 thr_label=True
  [real#5] distinct2=0.100 unique=0.055 share=0.158 js=0.00654 thr_label=True
  [random#5] distinct2=0.128 unique=0.060 share=0.158 js=0.01617 thr_label=True
  [corrupt#5] distinct2=0.195 unique=0.068 share=0.225 js=0.00076 thr_label=True
  [real#6] distinct2=0.201 unique=0.085 share=0.158 js=0.03131 thr_label=True
  [random#6] distinct2=0.175 unique=0.068 share=0.105 js=0.00000 thr_label=True
  [corrupt#6] distinct2=0.286 unique=0.110 share=0.147 js=0.02433 thr_label=True
  [real#7] distinct2=0.105 unique=0.048 share=0.160 js=0.00343 thr_label=True
  [random#7] distinct2=0.053 unique=0.037 share=0.198 js=0.02398 thr_label=True
  [corrupt#7] distinct2=0.213 unique=0.072 share=0.117 js=0.16854 thr_label=True
criterion 22b: pass=True auc_rep=0.9815 auc_js_alarm=0.3889 js collapse/healthy=0.03529/0.04563 n_collapse=18/24 sweep={'0.05': {'n_collapse': 1, 'n_healthy': 23, 'auc_rep_distinct2': 1.0}, '0.1': {'n_collapse': 7, 'n_healthy': 17, 'auc_rep_distinct2': 1.0}, '0.15': {'n_collapse': 14, 'n_healthy': 10, 'auc_rep_distinct2': 1.0}, '0.2': {'n_collapse': 17, 'n_healthy': 7, 'auc_rep_distinct2': 1.0}, '0.25': {'n_collapse': 20, 'n_healthy': 4, 'auc_rep_distinct2': 1.0}, '0.3': {'n_collapse': 22, 'n_healthy': 2, 'auc_rep_distinct2': 1.0}, '0.4': {'n_collapse': 24, 'n_healthy': 0, 'auc_rep_distinct2': None}}
saved .scratch/22-gen-quality/evidence/collapse_monitor_INT2r3.json
