C1: 13.08M params, vocab 206, steps 6000
{
  "bpc": {
    "bpc": 1.6549,
    "next_token_acc": 0.666,
    "ece_node1": 0.0084
  },
  "decode_speed": {
    "as_configured": 42.1,
    "exit": 59.8,
    "retry": 42.3,
    "full_attention": 41.4,
    "window_config": {
      "window": 0,
      "anchors": 0
    }
  },
  "repair": {
    "n_corrupted": 98361,
    "rounds": {
      "r0": {
        "self_acc_all": 0.9231,
        "repair_acc": 0.5073,
        "ece_node0": 0.0017
      },
      "r1": {
        "self_acc_all": 0.9252,
        "repair_acc": 0.5282,
        "ece_node0": 0.0017
      }
    },
    "round_kinds": [
      "base",
      "latent"
    ],
    "ece_node1": 0.0085,
    "ensemble_vs_best": {
      "ensemble_acc": 0.5941,
      "ensemble_ece": 0.0076,
      "best_single_acc": 0.5942
    }
  },
  "params": 13076483,
  "wall_minutes": 4.6,
  "train_tokens": 98304000
}
