C3: 13.08M params, vocab 206, steps 6000
{
  "bpc": {
    "bpc": 1.6578,
    "next_token_acc": 0.6654,
    "ece_node1": 0.0066
  },
  "decode_speed": {
    "as_configured": 40.9,
    "exit": 55.6,
    "retry": 34.6,
    "full_attention": 41.0,
    "window_config": {
      "window": 0,
      "anchors": 0
    }
  },
  "repair": {
    "n_corrupted": 98361,
    "rounds": {
      "r0": {
        "self_acc_all": 0.9215,
        "repair_acc": 0.496,
        "ece_node0": 0.0008
      },
      "r1": {
        "self_acc_all": 0.9223,
        "repair_acc": 0.5207,
        "ece_node0": 0.0013
      }
    },
    "round_kinds": [
      "base",
      "latent"
    ],
    "ece_node1": 0.0046,
    "ensemble_vs_best": {
      "ensemble_acc": 0.5941,
      "ensemble_ece": 0.0039,
      "best_single_acc": 0.5929
    }
  },
  "params": 13076483,
  "wall_minutes": 4.8,
  "train_tokens": 98304000
}
