I1: 13.08M params, vocab 206, steps 6000
{
  "bpc": {
    "bpc": 1.634,
    "next_token_acc": 0.6695,
    "ece_node1": 0.0086
  },
  "decode_speed": {
    "as_configured": 39.3,
    "exit": 58.4,
    "retry": 41.4,
    "full_attention": 41.8,
    "window_config": {
      "window": 0,
      "anchors": 0
    }
  },
  "repair": {
    "n_corrupted": 98361,
    "rounds": {
      "r0": {
        "self_acc_all": 0.9259,
        "repair_acc": 0.528,
        "ece_node0": 0.001
      }
    },
    "round_kinds": [
      "base"
    ],
    "ece_node1": 0.0055
  },
  "params": 13076483,
  "wall_minutes": 3.8,
  "train_tokens": 98304000
}
