L2: 13.08M params, vocab 206, steps 6000
{
  "bpc": {
    "bpc": 1.5744,
    "next_token_acc": 0.6787,
    "ece_node1": 0.0055
  },
  "decode_speed": {
    "as_configured": 38.2,
    "exit": 56.7,
    "retry": 42.4,
    "full_attention": 42.4,
    "window_config": {
      "window": 0,
      "anchors": 0
    }
  },
  "depth_curve": [
    1.0624,
    0.9523,
    0.8305,
    0.7964,
    0.7762,
    0.764,
    0.7523,
    0.7479,
    0.7449,
    0.7433,
    0.7425,
    0.7423
  ],
  "params": 13076483,
  "wall_minutes": 6.8,
  "train_tokens": 98304000
}
