{
  "node_acc": {
    "node0_r0": 0.8727,
    "node0_r1": 0.8722,
    "node1": 0.3512,
    "node2_direct": 0.2604,
    "node2_chain": 0.2584
  },
  "node_ece": {
    "node0_r0": 0.0031,
    "node0_r1": 0.0036,
    "node1": 0.0074,
    "node2_direct": 0.0074,
    "node2_chain": 0.0067
  },
  "ens_vs_best": {
    "ensemble_acc": 0.2619,
    "ensemble_ece": 0.0086,
    "best_single_acc": 0.2604
  },
  "retry": {
    "round0": {
      "self_acc_all": 0.8727,
      "self_acc_corrupted": 0.1825,
      "ece": 0.0031
    },
    "round1": {
      "self_acc_all": 0.8722,
      "self_acc_corrupted": 0.1827,
      "ece": 0.0036
    }
  },
  "consistency_dispersion": {
    "latent_cosine": 0.9884,
    "argmax_disagreement": 0.2181
  },
  "vocab_size": 202,
  "config": {
    "w_consistency": 0.5,
    "p_retry": 0.5,
    "steps": 6000,
    "corrupt_wrong": 0.15,
    "seed": 1
  }
}
