C2M: 13.34M params, vocab 206, steps 6000
/home/z/vibe/pathlm/train_m1.py:69: UserWarning: Converting a tensor with requires_grad=True to a scalar may lead to unexpected behavior.
Consider using tensor.detach() first. (Triggered internally at /__w/pytorch/pytorch/torch/csrc/autograd/generated/python_variable_methods.cpp:820.)
  f.write(json.dumps({"step": step, "loss": round(float(loss), 4),
{
  "bpc": {
    "bpc": 1.7089,
    "next_token_acc": 0.659,
    "ece_node1": 0.0098
  },
  "decode_speed": {
    "as_configured": 36.2,
    "exit": 37.2,
    "retry": 30.7,
    "full_attention": 33.5,
    "window_config": {
      "window": 0,
      "anchors": 0
    }
  },
  "repair": {
    "n_corrupted": 98361,
    "rounds": {
      "r0": {
        "self_acc_all": 0.9186,
        "repair_acc": 0.482,
        "ece_node0": 0.0021
      },
      "r1": {
        "self_acc_all": 0.9197,
        "repair_acc": 0.5072,
        "ece_node0": 0.0024
      }
    },
    "round_kinds": [
      "base",
      "latent"
    ],
    "ece_node1": 0.0076,
    "ensemble_vs_best": {
      "ensemble_acc": 0.5881,
      "ensemble_ece": 0.0074,
      "best_single_acc": 0.5882
    }
  },
  "retry_curve": {
    "2": {
      "r0": {
        "self_acc_all": 0.9186,
        "repair_acc": 0.482,
        "ece_node0": 0.0021
      },
      "r1": {
        "self_acc_all": 0.9197,
        "repair_acc": 0.5072,
        "ece_node0": 0.0024
      }
    },
    "3": {
      "r0": {
        "self_acc_all": 0.9186,
        "repair_acc": 0.482,
        "ece_node0": 0.0021
      },
      "r1": {
        "self_acc_all": 0.9197,
        "repair_acc": 0.5072,
        "ece_node0": 0.0024
      },
      "r2": {
        "self_acc_all": 0.9184,
        "repair_acc": 0.5101,
        "ece_node0": 0.0056
      }
    },
    "4": {
      "r0": {
        "self_acc_all": 0.9186,
        "repair_acc": 0.482,
        "ece_node0": 0.0021
      },
      "r1": {
        "self_acc_all": 0.9197,
        "repair_acc": 0.5072,
        "ece_node0": 0.0024
      },
      "r2": {
        "self_acc_all": 0.9184,
        "repair_acc": 0.5101,
        "ece_node0": 0.0056
      },
      "r3": {
        "self_acc_all": 0.917,
        "repair_acc": 0.5106,
        "ece_node0": 0.0081
      }
    }
  },
  "params": 13339652,
  "wall_minutes": 6.1,
  "train_tokens": 98304000
}
