T1 L1 K=1: bpc=1.6926 acc=0.657
T1 L1 K=2: bpc=1.6657 acc=0.6642
T1 L1 K=4: bpc=1.6543 acc=0.6666
T1 L1 K=8: bpc=1.6454 acc=0.6677
T1 L3 K=1: bpc=2.0373 acc=0.5884
T1 L3 K=2: bpc=2.018 acc=0.5926
T1 L3 K=4: bpc=2.014 acc=0.5941
T1 L3 K=8: bpc=2.0079 acc=0.5951
T1 L4 K=1: bpc=1.5661 acc=0.6808
T1 L4 K=2: bpc=1.5603 acc=0.6819
T1 L4 K=4: bpc=1.5578 acc=0.6824
T1 L4 K=8: bpc=1.5562 acc=0.6826
T1 X1 K=1: bpc=1.5132 acc=0.6908
T1 X1 K=2: bpc=1.5132 acc=0.6908
T1 X1 K=4: bpc=1.5132 acc=0.6908
T1 X1 K=8: bpc=1.5132 acc=0.6908
T1 X3 K=1: bpc=1.5235 acc=0.6888
T1 X3 K=2: bpc=1.5235 acc=0.6888
T1 X3 K=4: bpc=1.5235 acc=0.6888
T1 X3 K=8: bpc=1.5235 acc=0.6888
T1 I3 K=1: bpc=1.5198 acc=0.6893
T1 I3 K=2: bpc=1.5188 acc=0.6893
T1 I3 K=4: bpc=1.5181 acc=0.6895
T1 I3 K=8: bpc=1.5177 acc=0.6895
T2 L2 uniform: bpc=1.607 acc=0.6731
T2 L2 confidence: bpc=1.6023 acc=0.6735
T3 C1 K=2: bpc=2.0698 acc=0.592
T3 C1 K=4: bpc=2.0729 acc=0.5914
T3 C3 K=2: bpc=2.074 acc=0.5922
T3 C3 K=4: bpc=2.0744 acc=0.5927
T3 C4 K=2: bpc=2.0693 acc=0.5928
T3 C4 K=4: bpc=2.0642 acc=0.5941
saved .scratch/08-tts-probe/evidence/tts_results.json
