DIVL1: 13.08M params, vocab 206, steps 6000
/home/z/vibe/pathlm/train_m1.py:63: UserWarning: Converting a tensor with requires_grad=True to a scalar may lead to unexpected behavior.
Consider using tensor.detach() first. (Triggered internally at /__w/pytorch/pytorch/torch/csrc/autograd/generated/python_variable_methods.cpp:820.)
  f.write(json.dumps({"step": step, "loss": round(float(loss), 4),
{
  "bpc": {
    "bpc": NaN,
    "next_token_acc": 0.0001,
    "ece_node1": 0.0
  },
  "decode_speed": {
    "as_configured": 41.3,
    "exit": 38.8,
    "retry": 40.0,
    "full_attention": 41.4,
    "window_config": {
      "window": 0,
      "anchors": 0
    }
  },
  "params": 13076483,
  "wall_minutes": 5.4,
  "train_tokens": 98304000
}
DIVL1: 13.08M params, vocab 206, steps 6000
{
  "bpc": {
    "bpc": NaN,
    "next_token_acc": 0.0001,
    "ece_node1": 0.0
  },
  "decode_speed": {
    "as_configured": 41.1,
    "exit": 38.7,
    "retry": 40.1,
    "full_attention": 40.9,
    "window_config": {
      "window": 0,
      "anchors": 0
    }
  },
  "params": 13076483,
  "wall_minutes": 5.6,
  "train_tokens": 98304000
}
