DIVL1: 13.08M params, vocab 206, steps 6000
/home/z/vibe/pathlm/train_m1.py:69: UserWarning: Converting a tensor with requires_grad=True to a scalar may lead to unexpected behavior.
Consider using tensor.detach() first. (Triggered internally at /__w/pytorch/pytorch/torch/csrc/autograd/generated/python_variable_methods.cpp:820.)
  f.write(json.dumps({"step": step, "loss": round(float(loss), 4),
{
  "bpc": {
    "bpc": 1.6736,
    "next_token_acc": 0.66,
    "ece_node1": 0.01
  },
  "decode_speed": {
    "as_configured": 43.3,
    "exit": 62.1,
    "retry": 43.4,
    "full_attention": 43.4,
    "window_config": {
      "window": 0,
      "anchors": 0
    }
  },
  "params": 13076483,
  "wall_minutes": 5.4,
  "train_tokens": 98304000
}
