INT: 13.08M params, vocab 206, steps 6000
/home/z/vibe/pathlm/train_m1.py:63: UserWarning: Converting a tensor with requires_grad=True to a scalar may lead to unexpected behavior.
Consider using tensor.detach() first. (Triggered internally at /__w/pytorch/pytorch/torch/csrc/autograd/generated/python_variable_methods.cpp:820.)
  f.write(json.dumps({"step": step, "loss": round(float(loss), 4),
{
  "bpc": {
    "bpc": 2.263,
    "next_token_acc": 0.5438,
    "ece_node1": 0.0121
  },
  "decode_speed": {
    "as_configured": 41.3,
    "exit": 57.6,
    "retry": 30.6,
    "full_attention": 41.4,
    "window_config": {
      "window": 0,
      "anchors": 0
    }
  },
  "repair": {
    "n_corrupted": 98303,
    "rounds": {
      "r0": {
        "self_acc_all": 0.9115,
        "repair_acc": 0.4117,
        "ece_node0": 0.0008
      },
      "r1": {
        "self_acc_all": 0.9086,
        "repair_acc": 0.3961,
        "ece_node0": 0.0017
      }
    },
    "round_kinds": [
      "base",
      "latent"
    ],
    "ece_node1": 0.0093,
    "ensemble_vs_best": {
      "ensemble_acc": 0.4758,
      "ensemble_ece": 0.0101,
      "best_single_acc": 0.4786
    }
  },
  "depth_curve": [
    1.5388,
    1.4919,
    1.4665,
    1.4463,
    1.4306,
    1.4176,
    1.4065,
    1.3958,
    1.3865,
    1.3767,
    1.3675,
    1.3697,
    1.3631,
    1.4186,
    1.4748
  ],
  "locality_sweep": {
    "0.0": 2.2313,
    "0.25": 2.238,
    "0.5": 2.2627,
    "1.0": 3.3462
  },
  "retry_curve": {
    "2": {
      "r0": {
        "self_acc_all": 0.9115,
        "repair_acc": 0.4117,
        "ece_node0": 0.0008
      },
      "r1": {
        "self_acc_all": 0.9086,
        "repair_acc": 0.3961,
        "ece_node0": 0.0017
      }
    },
    "3": {
      "r0": {
        "self_acc_all": 0.9124,
        "repair_acc": 0.4167,
        "ece_node0": 0.0011
      },
      "r1": {
        "self_acc_all": 0.9092,
        "repair_acc": 0.3981,
        "ece_node0": 0.0018
      },
      "r2": {
        "self_acc_all": 0.9079,
        "repair_acc": 0.3937,
        "ece_node0": 0.0033
      }
    },
    "4": {
      "r0": {
        "self_acc_all": 0.9117,
        "repair_acc": 0.4131,
        "ece_node0": 0.001
      },
      "r1": {
        "self_acc_all": 0.9082,
        "repair_acc": 0.3949,
        "ece_node0": 0.0019
      },
      "r2": {
        "self_acc_all": 0.9082,
        "repair_acc": 0.3939,
        "ece_node0": 0.0032
      },
      "r3": {
        "self_acc_all": 0.9079,
        "repair_acc": 0.393,
        "ece_node0": 0.004
      }
    }
  },
  "params": 13076483,
  "wall_minutes": 20.6,
  "train_tokens": 98304000
}
INT: 13.08M params, vocab 206, steps 6000
{
  "bpc": {
    "bpc": 2.2691,
    "next_token_acc": 0.5424,
    "ece_node1": 0.0065
  },
  "decode_speed": {
    "as_configured": 40.7,
    "exit": 60.2,
    "retry": 41.7,
    "full_attention": 38.2,
    "window_config": {
      "window": 0,
      "anchors": 0
    }
  },
  "repair": {
    "n_corrupted": 98303,
    "rounds": {
      "r0": {
        "self_acc_all": 0.9109,
        "repair_acc": 0.4081,
        "ece_node0": 0.0011
      },
      "r1": {
        "self_acc_all": 0.908,
        "repair_acc": 0.3925,
        "ece_node0": 0.0022
      }
    },
    "round_kinds": [
      "base",
      "latent"
    ],
    "ece_node1": 0.005,
    "ensemble_vs_best": {
      "ensemble_acc": 0.4741,
      "ensemble_ece": 0.0085,
      "best_single_acc": 0.4768
    }
  },
  "depth_curve": [
    1.546,
    1.4979,
    1.4718,
    1.4509,
    1.4347,
    1.4219,
    1.4109,
    1.4002,
    1.3907,
    1.3813,
    1.372,
    1.3739,
    1.3688,
    1.4277,
    1.4824
  ],
  "locality_sweep": {
    "0.0": 2.2355,
    "0.25": 2.2425,
    "0.5": 2.2685,
    "1.0": 3.3692
  },
  "retry_curve": {
    "2": {
      "r0": {
        "self_acc_all": 0.9109,
        "repair_acc": 0.4081,
        "ece_node0": 0.0011
      },
      "r1": {
        "self_acc_all": 0.908,
        "repair_acc": 0.3925,
        "ece_node0": 0.0022
      }
    },
    "3": {
      "r0": {
        "self_acc_all": 0.912,
        "repair_acc": 0.414,
        "ece_node0": 0.0014
      },
      "r1": {
        "self_acc_all": 0.9089,
        "repair_acc": 0.396,
        "ece_node0": 0.0023
      },
      "r2": {
        "self_acc_all": 0.908,
        "repair_acc": 0.3939,
        "ece_node0": 0.0039
      }
    },
    "4": {
      "r0": {
        "self_acc_all": 0.9113,
        "repair_acc": 0.4108,
        "ece_node0": 0.0015
      },
      "r1": {
        "self_acc_all": 0.908,
        "repair_acc": 0.3933,
        "ece_node0": 0.0024
      },
      "r2": {
        "self_acc_all": 0.9079,
        "repair_acc": 0.3926,
        "ece_node0": 0.0039
      },
      "r3": {
        "self_acc_all": 0.9076,
        "repair_acc": 0.3912,
        "ece_node0": 0.0046
      }
    }
  },
  "params": 13076483,
  "wall_minutes": 17.1,
  "train_tokens": 98304000
}
