IX1: 13.08M params, vocab 206, steps 6000
/home/z/vibe/pathlm/train_m1.py:57: UserWarning: Converting a tensor with requires_grad=True to a scalar may lead to unexpected behavior.
Consider using tensor.detach() first. (Triggered internally at /__w/pytorch/pytorch/torch/csrc/autograd/generated/python_variable_methods.cpp:820.)
  f.write(json.dumps({"step": step, "loss": round(float(loss), 4),
{
  "bpc": {
    "bpc": 1.5889,
    "next_token_acc": 0.6761,
    "ece_node1": 0.0046
  },
  "decode_speed": {
    "as_configured": 12.8,
    "exit": 18.8,
    "retry": 12.3,
    "full_attention": 13.0,
    "window_config": {
      "window": 0,
      "anchors": 0
    }
  },
  "repair": {
    "n_corrupted": 98361,
    "rounds": {
      "r0": {
        "self_acc_all": 0.9373,
        "repair_acc": 0.5825,
        "ece_node0": 0.0011
      },
      "r1": {
        "self_acc_all": 0.9385,
        "repair_acc": 0.5919,
        "ece_node0": 0.0011
      }
    },
    "round_kinds": [
      "base",
      "latent"
    ],
    "ece_node1": 0.003,
    "ensemble_vs_best": {
      "ensemble_acc": 0.6166,
      "ensemble_ece": 0.003,
      "best_single_acc": 0.6166
    }
  },
  "retry_curve": {
    "2": {
      "r0": {
        "self_acc_all": 0.9373,
        "repair_acc": 0.5825,
        "ece_node0": 0.0011
      },
      "r1": {
        "self_acc_all": 0.9385,
        "repair_acc": 0.5919,
        "ece_node0": 0.0011
      }
    },
    "3": {
      "r0": {
        "self_acc_all": 0.9373,
        "repair_acc": 0.5825,
        "ece_node0": 0.0011
      },
      "r1": {
        "self_acc_all": 0.9385,
        "repair_acc": 0.5919,
        "ece_node0": 0.0011
      },
      "r2": {
        "self_acc_all": 0.9382,
        "repair_acc": 0.592,
        "ece_node0": 0.0025
      }
    },
    "4": {
      "r0": {
        "self_acc_all": 0.9373,
        "repair_acc": 0.5825,
        "ece_node0": 0.0011
      },
      "r1": {
        "self_acc_all": 0.9385,
        "repair_acc": 0.5919,
        "ece_node0": 0.0011
      },
      "r2": {
        "self_acc_all": 0.9382,
        "repair_acc": 0.592,
        "ece_node0": 0.0025
      },
      "r3": {
        "self_acc_all": 0.9375,
        "repair_acc": 0.5914,
        "ece_node0": 0.0036
      }
    }
  },
  "params": 13076483,
  "wall_minutes": 13.8,
  "train_tokens": 98304000
}
IX1: 13.08M params, vocab 206, steps 6000
{
  "bpc": {
    "bpc": 1.5944,
    "next_token_acc": 0.6748,
    "ece_node1": 0.0079
  },
  "decode_speed": {
    "as_configured": 24.3,
    "exit": 32.9,
    "retry": 25.0,
    "full_attention": 21.9,
    "window_config": {
      "window": 0,
      "anchors": 0
    }
  },
  "repair": {
    "n_corrupted": 98361,
    "rounds": {
      "r0": {
        "self_acc_all": 0.9358,
        "repair_acc": 0.5726,
        "ece_node0": 0.0018
      },
      "r1": {
        "self_acc_all": 0.9373,
        "repair_acc": 0.5833,
        "ece_node0": 0.0023
      }
    },
    "round_kinds": [
      "base",
      "latent"
    ],
    "ece_node1": 0.0047,
    "ensemble_vs_best": {
      "ensemble_acc": 0.6137,
      "ensemble_ece": 0.0044,
      "best_single_acc": 0.6139
    }
  },
  "retry_curve": {
    "2": {
      "r0": {
        "self_acc_all": 0.9358,
        "repair_acc": 0.5726,
        "ece_node0": 0.0018
      },
      "r1": {
        "self_acc_all": 0.9373,
        "repair_acc": 0.5833,
        "ece_node0": 0.0023
      }
    },
    "3": {
      "r0": {
        "self_acc_all": 0.9358,
        "repair_acc": 0.5726,
        "ece_node0": 0.0018
      },
      "r1": {
        "self_acc_all": 0.9373,
        "repair_acc": 0.5833,
        "ece_node0": 0.0023
      },
      "r2": {
        "self_acc_all": 0.937,
        "repair_acc": 0.5837,
        "ece_node0": 0.0042
      }
    },
    "4": {
      "r0": {
        "self_acc_all": 0.9358,
        "repair_acc": 0.5726,
        "ece_node0": 0.0018
      },
      "r1": {
        "self_acc_all": 0.9373,
        "repair_acc": 0.5833,
        "ece_node0": 0.0023
      },
      "r2": {
        "self_acc_all": 0.937,
        "repair_acc": 0.5837,
        "ece_node0": 0.0042
      },
      "r3": {
        "self_acc_all": 0.9365,
        "repair_acc": 0.5834,
        "ece_node0": 0.0056
      }
    }
  },
  "params": 13076483,
  "wall_minutes": 5.9,
  "train_tokens": 98304000
}
