IX2: 13.08M params, vocab 206, steps 6000
/home/z/vibe/pathlm/train_m1.py:63: UserWarning: Converting a tensor with requires_grad=True to a scalar may lead to unexpected behavior.
Consider using tensor.detach() first. (Triggered internally at /__w/pytorch/pytorch/torch/csrc/autograd/generated/python_variable_methods.cpp:820.)
  f.write(json.dumps({"step": step, "loss": round(float(loss), 4),
Traceback (most recent call last):
  File "/home/z/vibe/pathlm/train_m1.py", line 132, in <module>
    main()
  File "/home/z/vibe/pathlm/train_m1.py", line 120, in main
    results = run_battery(model, eval_arr, vocab_size, pcap)
              ^^^^^^^^^^^^^^^^^^^^^^^^^^^^^^^^^^^^^^^^^^^^^^
  File "/home/z/vibe/pathlm/train_m1.py", line 75, in run_battery
    res["depth_curve"] = depth_curve(model, eval_arr)
                         ^^^^^^^^^^^^^^^^^^^^^^^^^^^^
  File "/home/z/.venv/lib/python3.12/site-packages/torch/utils/_contextlib.py", line 124, in decorate_context
    return func(*args, **kwargs)
           ^^^^^^^^^^^^^^^^^^^^^
  File "/home/z/vibe/pathlm/pathlm/eval.py", line 170, in depth_curve
    return [round(v, 4) for v in torch.stack(curves).mean(0).tolist()]
                                 ^^^^^^^^^^^^^^^^^^^
RuntimeError: stack expects each tensor to be equal size, but got [13] at entry 0 and [12] at entry 1
