IX3: 13.08M params, vocab 206, steps 6000
/home/z/vibe/pathlm/train_m1.py:63: UserWarning: Converting a tensor with requires_grad=True to a scalar may lead to unexpected behavior.
Consider using tensor.detach() first. (Triggered internally at /__w/pytorch/pytorch/torch/csrc/autograd/generated/python_variable_methods.cpp:820.)
  f.write(json.dumps({"step": step, "loss": round(float(loss), 4),
{
  "bpc": {
    "bpc": 2.2297,
    "next_token_acc": 0.5551,
    "ece_node1": 0.0084
  },
  "decode_speed": {
    "as_configured": 26.7,
    "exit": 38.2,
    "retry": 19.0,
    "full_attention": 26.0,
    "window_config": {
      "window": 0,
      "anchors": 0
    }
  },
  "repair": {
    "n_corrupted": 98361,
    "rounds": {
      "r0": {
        "self_acc_all": 0.9006,
        "repair_acc": 0.3579,
        "ece_node0": 0.002
      },
      "r1": {
        "self_acc_all": 0.9035,
        "repair_acc": 0.3834,
        "ece_node0": 0.0016
      }
    },
    "round_kinds": [
      "base",
      "latent"
    ],
    "ece_node1": 0.0057,
    "ensemble_vs_best": {
      "ensemble_acc": 0.4904,
      "ensemble_ece": 0.0057,
      "best_single_acc": 0.4918
    }
  },
  "locality_sweep": {
    "0.0": 2.1882,
    "0.25": 2.191,
    "0.5": 2.219,
    "1.0": 3.6066
  },
  "retry_curve": {
    "2": {
      "r0": {
        "self_acc_all": 0.9006,
        "repair_acc": 0.3579,
        "ece_node0": 0.002
      },
      "r1": {
        "self_acc_all": 0.9035,
        "repair_acc": 0.3834,
        "ece_node0": 0.0016
      }
    },
    "3": {
      "r0": {
        "self_acc_all": 0.9005,
        "repair_acc": 0.3576,
        "ece_node0": 0.0025
      },
      "r1": {
        "self_acc_all": 0.9033,
        "repair_acc": 0.3826,
        "ece_node0": 0.0013
      },
      "r2": {
        "self_acc_all": 0.9027,
        "repair_acc": 0.384,
        "ece_node0": 0.0051
      }
    },
    "4": {
      "r0": {
        "self_acc_all": 0.9003,
        "repair_acc": 0.3563,
        "ece_node0": 0.0024
      },
      "r1": {
        "self_acc_all": 0.9033,
        "repair_acc": 0.3828,
        "ece_node0": 0.0013
      },
      "r2": {
        "self_acc_all": 0.9027,
        "repair_acc": 0.3843,
        "ece_node0": 0.0051
      },
      "r3": {
        "self_acc_all": 0.9004,
        "repair_acc": 0.3763,
        "ece_node0": 0.01
      }
    }
  },
  "params": 13076483,
  "wall_minutes": 6.4,
  "train_tokens": 98304000
}
IX3: 13.08M params, vocab 206, steps 6000
{
  "bpc": {
    "bpc": 2.2293,
    "next_token_acc": 0.5557,
    "ece_node1": 0.0078
  },
  "decode_speed": {
    "as_configured": 40.0,
    "exit": 3.8,
    "retry": 1.7,
    "full_attention": 1.8,
    "window_config": {
      "window": 0,
      "anchors": 0
    }
  },
  "repair": {
    "n_corrupted": 98361,
    "rounds": {
      "r0": {
        "self_acc_all": 0.9005,
        "repair_acc": 0.3581,
        "ece_node0": 0.0012
      },
      "r1": {
        "self_acc_all": 0.9031,
        "repair_acc": 0.3815,
        "ece_node0": 0.0019
      }
    },
    "round_kinds": [
      "base",
      "latent"
    ],
    "ece_node1": 0.0071,
    "ensemble_vs_best": {
      "ensemble_acc": 0.4905,
      "ensemble_ece": 0.007,
      "best_single_acc": 0.4915
    }
  },
  "locality_sweep": {
    "0.0": 2.1883,
    "0.25": 2.1926,
    "0.5": 2.2209,
    "1.0": 3.5802
  },
  "retry_curve": {
    "2": {
      "r0": {
        "self_acc_all": 0.9005,
        "repair_acc": 0.3581,
        "ece_node0": 0.0012
      },
      "r1": {
        "self_acc_all": 0.9031,
        "repair_acc": 0.3815,
        "ece_node0": 0.0019
      }
    },
    "3": {
      "r0": {
        "self_acc_all": 0.9004,
        "repair_acc": 0.3572,
        "ece_node0": 0.0017
      },
      "r1": {
        "self_acc_all": 0.9031,
        "repair_acc": 0.3815,
        "ece_node0": 0.002
      },
      "r2": {
        "self_acc_all": 0.9027,
        "repair_acc": 0.3846,
        "ece_node0": 0.0055
      }
    },
    "4": {
      "r0": {
        "self_acc_all": 0.9001,
        "repair_acc": 0.3552,
        "ece_node0": 0.0014
      },
      "r1": {
        "self_acc_all": 0.9033,
        "repair_acc": 0.3822,
        "ece_node0": 0.0021
      },
      "r2": {
        "self_acc_all": 0.9027,
        "repair_acc": 0.384,
        "ece_node0": 0.0055
      },
      "r3": {
        "self_acc_all": 0.9007,
        "repair_acc": 0.3784,
        "ece_node0": 0.012
      }
    }
  },
  "params": 13076483,
  "wall_minutes": 33.8,
  "train_tokens": 98304000
}
