IX4: 13.08M params, vocab 206, steps 6000
/home/z/vibe/pathlm/train_m1.py:63: UserWarning: Converting a tensor with requires_grad=True to a scalar may lead to unexpected behavior.
Consider using tensor.detach() first. (Triggered internally at /__w/pytorch/pytorch/torch/csrc/autograd/generated/python_variable_methods.cpp:820.)
  f.write(json.dumps({"step": step, "loss": round(float(loss), 4),
{
  "bpc": {
    "bpc": 1.6589,
    "next_token_acc": 0.6652,
    "ece_node1": 0.0083
  },
  "decode_speed": {
    "as_configured": 21.7,
    "exit": 31.7,
    "retry": 18.3,
    "full_attention": 24.5,
    "window_config": {
      "window": 0,
      "anchors": 0
    }
  },
  "repair": {
    "n_corrupted": 98361,
    "rounds": {
      "r0": {
        "self_acc_all": 0.9219,
        "repair_acc": 0.4993,
        "ece_node0": 0.0014
      },
      "r1": {
        "self_acc_all": 0.9242,
        "repair_acc": 0.5207,
        "ece_node0": 0.0019
      }
    },
    "round_kinds": [
      "base",
      "latent"
    ],
    "ece_node1": 0.0076,
    "ensemble_vs_best": {
      "ensemble_acc": 0.592,
      "ensemble_ece": 0.0063,
      "best_single_acc": 0.592
    }
  },
  "retry_curve": {
    "2": {
      "r0": {
        "self_acc_all": 0.9219,
        "repair_acc": 0.4993,
        "ece_node0": 0.0014
      },
      "r1": {
        "self_acc_all": 0.9242,
        "repair_acc": 0.5207,
        "ece_node0": 0.0019
      }
    },
    "3": {
      "r0": {
        "self_acc_all": 0.9219,
        "repair_acc": 0.4993,
        "ece_node0": 0.0014
      },
      "r1": {
        "self_acc_all": 0.9242,
        "repair_acc": 0.5207,
        "ece_node0": 0.0019
      },
      "r2": {
        "self_acc_all": 0.9232,
        "repair_acc": 0.5212,
        "ece_node0": 0.0013
      }
    },
    "4": {
      "r0": {
        "self_acc_all": 0.9219,
        "repair_acc": 0.4993,
        "ece_node0": 0.0014
      },
      "r1": {
        "self_acc_all": 0.9242,
        "repair_acc": 0.5207,
        "ece_node0": 0.0019
      },
      "r2": {
        "self_acc_all": 0.9232,
        "repair_acc": 0.5212,
        "ece_node0": 0.0013
      },
      "r3": {
        "self_acc_all": 0.9209,
        "repair_acc": 0.5139,
        "ece_node0": 0.0013
      }
    }
  },
  "params": 13076483,
  "wall_minutes": 28.5,
  "train_tokens": 98304000
}
IX4: 13.08M params, vocab 206, steps 6000
