C2: 13.08M params, vocab 206, steps 6000
{
  "bpc": {
    "bpc": 1.6621,
    "next_token_acc": 0.6648,
    "ece_node1": 0.0056
  },
  "decode_speed": {
    "as_configured": 42.6,
    "exit": 53.6,
    "retry": 33.9,
    "full_attention": 40.7,
    "window_config": {
      "window": 0,
      "anchors": 0
    }
  },
  "repair": {
    "n_corrupted": 98361,
    "rounds": {
      "r0": {
        "self_acc_all": 0.9218,
        "repair_acc": 0.4987,
        "ece_node0": 0.0017
      },
      "r1": {
        "self_acc_all": 0.9235,
        "repair_acc": 0.5192,
        "ece_node0": 0.002
      }
    },
    "round_kinds": [
      "base",
      "latent"
    ],
    "ece_node1": 0.0038,
    "ensemble_vs_best": {
      "ensemble_acc": 0.5923,
      "ensemble_ece": 0.0029,
      "best_single_acc": 0.593
    }
  },
  "retry_curve": {
    "2": {
      "r0": {
        "self_acc_all": 0.9218,
        "repair_acc": 0.4987,
        "ece_node0": 0.0017
      },
      "r1": {
        "self_acc_all": 0.9235,
        "repair_acc": 0.5192,
        "ece_node0": 0.002
      }
    },
    "3": {
      "r0": {
        "self_acc_all": 0.9218,
        "repair_acc": 0.4987,
        "ece_node0": 0.0017
      },
      "r1": {
        "self_acc_all": 0.9235,
        "repair_acc": 0.5192,
        "ece_node0": 0.002
      },
      "r2": {
        "self_acc_all": 0.9216,
        "repair_acc": 0.5228,
        "ece_node0": 0.0072
      }
    },
    "4": {
      "r0": {
        "self_acc_all": 0.9218,
        "repair_acc": 0.4987,
        "ece_node0": 0.0017
      },
      "r1": {
        "self_acc_all": 0.9235,
        "repair_acc": 0.5192,
        "ece_node0": 0.002
      },
      "r2": {
        "self_acc_all": 0.9216,
        "repair_acc": 0.5228,
        "ece_node0": 0.0072
      },
      "r3": {
        "self_acc_all": 0.9171,
        "repair_acc": 0.5179,
        "ece_node0": 0.0136
      }
    }
  },
  "params": 13076483,
  "wall_minutes": 4.7,
  "train_tokens": 98304000
}
