I2: 13.08M params, vocab 206, steps 6000
{
  "bpc": {
    "bpc": 1.5661,
    "next_token_acc": 0.68,
    "ece_node1": 0.0038
  },
  "decode_speed": {
    "as_configured": 40.9,
    "exit": 60.3,
    "retry": 41.9,
    "full_attention": 40.3,
    "window_config": {
      "window": 0,
      "anchors": 0
    }
  },
  "repair": {
    "n_corrupted": 98361,
    "rounds": {
      "r0": {
        "self_acc_all": 0.939,
        "repair_acc": 0.594,
        "ece_node0": 0.0007
      }
    },
    "round_kinds": [
      "base"
    ],
    "ece_node1": 0.0019
  },
  "params": 13076483,
  "wall_minutes": 3.9,
  "train_tokens": 98304000
}
